******************************************************************************
               TMS320C6x Linker PC v7.4.4                      
******************************************************************************
>> Linked Tue Aug 11 15:07:25 2015

OUTPUT FILE NAME:   <trigger_arm.out>
ENTRY POINT SYMBOL: "_c_int00"  address: c3001000


MEMORY CONFIGURATION

         name            origin    length      used     unused   attr    fill
----------------------  --------  ---------  --------  --------  ----  --------
  SHDSPL2RAM            11800000   00040000  00000000  00040000  RWIX
  SHRAM                 80000000   00020000  00000000  00020000  RWIX
  DDR2                  c3000000   00800000  00000f8c  007ff074  RWIX


SEGMENT ALLOCATION MAP

run origin  load origin   length   init length attrs members
----------  ----------- ---------- ----------- ----- -------
c3000000    c3000000    00000800   00000000    rw-
  c3000000    c3000000    00000800   00000000    rw- .stack
c3000800    c3000800    000006e0   000006e0    r-x
  c3000800    c3000800    000006e0   000006e0    r-x .text
c3000ee0    c3000ee0    0000000c   0000000c    rw-
  c3000ee0    c3000ee0    0000000c   0000000c    rw- .fardata
c3000eec    c3000eec    00000020   00000020    r--
  c3000eec    c3000eec    00000020   00000020    r-- .cinit
c3001000    c3001000    00000080   00000080    r-x
  c3001000    c3001000    00000080   00000080    r-x .text:_c_int00


SECTION ALLOCATION MAP

 output                                  attributes/
section   page    origin      length       input sections
--------  ----  ----------  ----------   ----------------
.init_array 
*          0    c3000000    00000000     UNINITIALIZED

.init_array 
*          0    c3000000    00000000     UNINITIALIZED

.stack     0    c3000000    00000800     UNINITIALIZED
                  c3000000    00000008     rts6740_elf.lib : boot.obj (.stack)
                  c3000008    000007f8     --HOLE--

.text      0    c3000800    000006e0     
                  c3000800    00000180     rts6740_elf.lib : copy_decompress_rle.obj (.text:__TI_decompress_rle_core)
                  c3000980    00000100                     : autoinit.obj (.text:_auto_init_elf)
                  c3000a80    00000100                     : cpy_tbl.obj (.text:copy_in)
                  c3000b80    000000c0                     : exit.obj (.text:exit)
                  c3000c40    000000c0                     : tls.obj (.text:tls:init:__TI_tls_init)
                  c3000d00    000000a0                     : memcpy64.obj (.text:memcpy)
                  c3000da0    00000060                     : cpp_init.obj (.text:__TI_cpp_init)
                  c3000e00    00000040                     : args_main.obj (.text:_args_main)
                  c3000e40    00000040     main.obj (.text)
                  c3000e80    00000020     rts6740_elf.lib : exit.obj (.text:abort)
                  c3000ea0    00000020                     : copy_decompress_none.obj (.text:decompress:none:__TI_decompress_none)
                  c3000ec0    00000020                     : copy_decompress_rle.obj (.text:decompress:rle24:__TI_decompress_rle24)

.fardata   0    c3000ee0    0000000c     
                  c3000ee0    0000000c     rts6740_elf.lib : exit.obj (.fardata)

.cinit     0    c3000eec    00000020     
                  c3000eec    0000000d     (.cinit..fardata.load) [load image, compression = rle]
                  c3000ef9    00000003     --HOLE-- [fill = 0]
                  c3000efc    00000008     (__TI_handler_table)
                  c3000f04    00000008     (__TI_cinit_table)

.text:_c_int00 
*          0    c3001000    00000080     
                  c3001000    00000080     rts6740_elf.lib : boot.obj (.text:_c_int00)


LINKER GENERATED COPY TABLES

__TI_cinit_table @ c3000f04 records: 1, size/record: 8, table size: 8
	.fardata: load addr=c3000eec, load size=0000000d bytes, run addr=c3000ee0, run size=0000000c bytes, compression=rle


LINKER GENERATED HANDLER TABLE

__TI_handler_table @ c3000efc records: 2, size/record: 4, table size: 8
	index: 0, handler: __TI_decompress_rle24
	index: 1, handler: __TI_decompress_none


GLOBAL SYMBOLS: SORTED ALPHABETICALLY BY Name 

address    name
--------   ----
c3000e80   C$$EXIT
c3000f04   __TI_CINIT_Base
c3000f0c   __TI_CINIT_Limit
c3000efc   __TI_Handler_Table_Base
c3000f04   __TI_Handler_Table_Limit
UNDEFED    __TI_INITARRAY_Base
UNDEFED    __TI_INITARRAY_Limit
c3000800   __TI_STACK_END
00000800   __TI_STACK_SIZE
00000000   __TI_STATIC_BASE
UNDEFED    __TI_TLS_INIT_Base
UNDEFED    __TI_TLS_INIT_Limit
00000001   __TI_args_main
c3000da0   __TI_cpp_init
c3000ea0   __TI_decompress_none
c3000ec0   __TI_decompress_rle24
c3000ee8   __TI_enable_exit_profile_output
ffffffff   __TI_pprof_out_hndl
ffffffff   __TI_prof_data_size
ffffffff   __TI_prof_data_start
c3000c40   __TI_tls_init
ffffffff   __binit__
ffffffff   __c_args__
c3000e00   _args_main
c3000980   _auto_init_elf
c3001000   _c_int00
c3000ee0   _cleanup_ptr
c3000ee4   _dtors_ptr
c3000000   _stack
c3000e80   abort
ffffffff   binit
c3000a80   copy_in
c3000b80   exit
c3000e40   main
c3000d00   memcpy


GLOBAL SYMBOLS: SORTED BY Symbol Address 

address    name
--------   ----
00000000   __TI_STATIC_BASE
00000001   __TI_args_main
00000800   __TI_STACK_SIZE
c3000000   _stack
c3000800   __TI_STACK_END
c3000980   _auto_init_elf
c3000a80   copy_in
c3000b80   exit
c3000c40   __TI_tls_init
c3000d00   memcpy
c3000da0   __TI_cpp_init
c3000e00   _args_main
c3000e40   main
c3000e80   C$$EXIT
c3000e80   abort
c3000ea0   __TI_decompress_none
c3000ec0   __TI_decompress_rle24
c3000ee0   _cleanup_ptr
c3000ee4   _dtors_ptr
c3000ee8   __TI_enable_exit_profile_output
c3000efc   __TI_Handler_Table_Base
c3000f04   __TI_CINIT_Base
c3000f04   __TI_Handler_Table_Limit
c3000f0c   __TI_CINIT_Limit
c3001000   _c_int00
ffffffff   __TI_pprof_out_hndl
ffffffff   __TI_prof_data_size
ffffffff   __TI_prof_data_start
ffffffff   __binit__
ffffffff   __c_args__
ffffffff   binit
UNDEFED    __TI_INITARRAY_Base
UNDEFED    __TI_INITARRAY_Limit
UNDEFED    __TI_TLS_INIT_Base
UNDEFED    __TI_TLS_INIT_Limit

[35 symbols]
